Component: ARM Compiler 5.06 update 7 (build 960) Tool: armlink [4d3601]

==============================================================================

Section Cross References

    system_da14531.o(.text) refers to system_da14531.o(.data) for .data
    system_da14531.o(.text) refers to otp_cs.o(otp_cs_booter) for booter_val
    startup_da14531.o(RESET) refers to startup_da14531.o(STACK) for __initial_sp
    startup_da14531.o(RESET) refers to startup_da14531.o(.text) for Reset_Handler
    startup_da14531.o(RESET) refers to systick.o(.text) for SysTick_Handler
    startup_da14531.o(RESET) refers to rwble.o(.text) for BLE_WAKEUP_LP_Handler
    startup_da14531.o(RESET) refers to uart.o(.text) for UART2_Handler
    startup_da14531.o(RESET) refers to i2c.o(.text) for I2C_Handler
    startup_da14531.o(RESET) refers to adc_531.o(.text) for ADC_Handler
    startup_da14531.o(RESET) refers to gpio.o(.text) for GPIO0_Handler
    startup_da14531.o(RESET) refers to wkupct_quadec.o(.text) for WKUP_QUADEC_Handler
    startup_da14531.o(.text) refers to system_da14531.o(.text) for SystemInit
    startup_da14531.o(.text) refers to entry.o(.ARM.Collect$$$$00000000) for __main
    startup_da14531.o(.text) refers to nmi_handler.o(.text) for NMI_HandlerC
    startup_da14531.o(.text) refers to hardfault_handler.o(.text) for HardFault_HandlerC
    hardfault_handler.o(.text) refers to syscntl.o(.text) for syscntl_dcdc_set_level
    nmi_handler.o(.text) refers to syscntl.o(.text) for syscntl_dcdc_set_level
    arch_console.o(.text) refers to uart.o(.text) for uart_register_tx_cb
    arch_console.o(.constdata) refers to arch_console.o(.bss) for current_msg_buffer
    arch_console.o(.constdata) refers to arch_console.o(retention_mem_area0) for current_msg_offset
    arch_console.o(.constdata) refers to arch_console.o(retention_mem_area0) for uart_busy
    arch_console.o(.constdata) refers to arch_console.o(retention_mem_area0) for printf_msg_list
    arch_console.o(.constdata) refers to arch_console.o(retention_mem_area0) for defer_sending
    arch_console.o(.constdata) refers to arch_console.o(.text) for uart_write_adapt
    arch_console.o(.constdata) refers to arch_sleep.o(.text) for arch_restore_sleep_mode
    nvds.o(.constdata) refers to nvds.o(.constdata) for nvds_data_storage
    nvds.o(.constdata) refers to arch_system.o(retention_mem_area0) for dev_bdaddr
    arch_main.o(.text) refers to arch_system.o(.text) for system_init
    arch_main.o(.text) refers to rwip.o(.text) for rwip_sleep
    arch_main.o(.text) refers to arch_sleep.o(.text) for arch_get_sleep_mode
    arch_main.o(.text) refers to user_periph_setup.o(.text) for periph_init
    arch_main.o(.text) refers to hw_otpc_531.o(.text) for hw_otpc_init
    arch_main.o(.text) refers (Weak) to hw_otpc_531.o(.text) for hw_otpc_clear_dcdc_reserved
    arch_main.o(.text) refers to syscntl.o(.text) for syscntl_dcdc_set_level
    arch_main.o(.text) refers to rwble.o(retention_mem_area0) for arch_rwble_last_event
    arch_main.o(.text) refers to otp_cs.o(otp_cs_booter) for booter_val
    arch_main.o(.text) refers to arch_main.o(retention_mem_area0) for retention_mem_area0
    arch_main.o(.constdata) refers to user_multi_peripheral.o(.text) for user_app_on_init
    jump_table.o(.constdata) refers to ble_arp.o(.text) for rf_init_func
    jump_table.o(.constdata) refers to jump_table.o(.text) for platform_reset_func
    jump_table.o(.constdata) refers to rwble.o(.text) for lld_sleep_compensate_func
    jump_table.o(.constdata) refers to arch_system.o(.text) for lld_sleep_init_func
    jump_table.o(.constdata) refers to patch.o(.text) for JT_lld_test_mode_rx_func
    jump_table.o(.constdata) refers to prf.o(.text) for prf_init_func
    jump_table.o(.constdata) refers to jump_table.o(heap_mem_area_not_ret) for rwip_heap_non_ret
    jump_table.o(.constdata) refers to jump_table.o(heap_env_area) for rwip_heap_env_ret
    jump_table.o(.constdata) refers to jump_table.o(heap_db_area) for rwip_heap_db_ret
    jump_table.o(.constdata) refers to jump_table.o(heap_msg_area) for rwip_heap_msg_ret
    jump_table.o(.constdata) refers to nvds.o(.constdata) for rom_nvds_cfg
    jump_table.o(.constdata) refers to custs1.o(.constdata) for rom_cust_prf_cfg
    jump_table.o(.constdata) refers to prf.o(.constdata) for rom_prf_cfg
    jump_table.o(.constdata) refers to arch_console.o(.constdata) for rom_console_cfg
    arch_sleep.o(.text) refers to arch_sleep.o(retention_mem_area0) for retention_mem_area0
    arch_sleep.o(.text) refers to arch_sleep.o(retention_mem_area0) for retention_mem_area0
    arch_sleep.o(.text) refers to arch_sleep.o(retention_mem_area0) for retention_mem_area0
    arch_sleep.o(.text) refers to rwble.o(retention_mem_area0) for arch_rwble_last_event
    arch_system.o(.text) refers to arch_system.o(i.__ARM_common_ll_muluu) for __ARM_common_ll_muluu
    arch_system.o(.text) refers to otp_cs.o(.text) for otp_cs_get_xtal_wait_trim
    arch_system.o(.text) refers to adc_531.o(.text) for adc_init
    arch_system.o(.text) refers to ble_arp.o(.text) for rf_recalibration
    arch_system.o(.text) refers to gpio.o(.text) for GPIO_init
    arch_system.o(.text) refers to hw_otpc_531.o(.text) for hw_otpc_init
    arch_system.o(.text) refers to otp_hdr.o(.text) for otp_hdr_get_bd_address
    arch_system.o(.text) refers to arch_system.o(retention_mem_area0) for retention_mem_area0
    arch_system.o(.text) refers to arch_system.o(.bss) for .bss
    arch_system.o(.text) refers to arch_system.o(.constdata) for .constdata
    arch_system.o(.text) refers to arch_rom.o(.text) for arch_rom_init
    arch_system.o(.text) refers to user_periph_setup.o(.text) for periph_init
    arch_system.o(.text) refers to trng.o(.text) for init_rand_seed_from_trng
    arch_system.o(.text) refers to arch_sleep.o(.text) for arch_disable_sleep
    arch_system.o(.text) refers to app.o(.text) for app_init
    arch_system.o(.text) refers to user_multi_peripheral.o(.text) for user_app_on_init
    arch_system.o(.text) refers to arch_system.o(retention_mem_area0) for retention_mem_area0
    arch_system.o(.text) refers to arch_system.o(.data) for .data
    arch_system.o(.text) refers to arch_system.o(retention_mem_area0) for retention_mem_area0
    arch_system.o(.constdata) refers to user_multi_peripheral.o(.text) for user_app_on_init
    arch_hibernation.o(.text) refers to arch_hibernation.o(.text) for set_ldo_ret_trim
    arch_hibernation.o(.text) refers to otp_cs.o(otp_cs_booter) for booter_val
    arch_hibernation.o(.text) refers to rwip.o(.text) for patched_ble_regs_push
    arch_hibernation.o(.text) refers to arch_hibernation.o(.text) for set_ldo_ret_trim
    arch_hibernation.o(.text) refers to arch_hibernation.o(retention_mem_area0) for retention_mem_area0
    arch_hibernation.o(.text) refers to otp_cs.o(otp_cs_booter) for booter_val
    arch_hibernation.o(.text) refers to arch_system.o(.text) for set_xtal32m_trim_value
    arch_hibernation.o(.text) refers to user_periph_setup.o(.text) for periph_init
    arch_hibernation.o(.text) refers to rwip.o(.text) for patched_ble_regs_pop
    arch_hibernation.o(.text) refers to otp_cs.o(otp_cs_booter) for booter_val
    arch_hibernation.o(.text) refers to arch_hibernation.o(retention_mem_area0) for retention_mem_area0
    arch_hibernation.o(.text) refers to arch_system.o(retention_mem_area0) for last_temp
    arch_rom.o(.text) refers to patch.o(.text) for patch_global_vars_init
    arch_rom.o(.text) refers to trng.o(trng_state) for trng_state_val
    arch_rom.o(.text) refers to arch_rom.o(.constdata) for .constdata
    arch_rom.o(.text) refers to arch_rom.o(retention_mem_area0) for retention_mem_area0
    arch_rom.o(.text) refers to jump_table.o(.constdata) for rom_func_addr_table_var
    arch_rom.o(.text) refers to jump_table.o(.constdata) for rom_cfg_table_var
    otp_cs.o(.text) refers (Weak) to rf_531.o(.text) for rf_pa_pwr_get
    otp_cs.o(.text) refers (Weak) to rf_531.o(.text) for rf_pa_pwr_get
    otp_cs.o(.text) refers to otp_cs.o(retention_mem_area0) for retention_mem_area0
    otp_cs.o(.text) refers to otp_cs.o(otp_cs_booter) for otp_cs_booter
    otp_cs.o(.text) refers to otp_cs.o(.bss) for .bss
    otp_cs.o(.text) refers to otp_cs.o(retention_mem_area0) for retention_mem_area0
    otp_cs.o(.text) refers to otp_cs.o(retention_mem_area0) for retention_mem_area0
    otp_cs.o(.text) refers to otp_cs.o(retention_mem_area0) for retention_mem_area0
    otp_cs.o(.text) refers to otp_cs.o(retention_mem_area0) for retention_mem_area0
    otp_cs.o(.text) refers to otp_cs.o(retention_mem_area0) for retention_mem_area0
    otp_cs.o(.text) refers to otp_cs.o(retention_mem_area0) for retention_mem_area0
    otp_cs.o(.text) refers to otp_cs.o(retention_mem_area0) for retention_mem_area0
    syscntl.o(.text) refers (Weak) to hw_otpc_531.o(.text) for hw_otpc_is_dcdc_reserved
    syscntl.o(.text) refers to syscntl.o(.bss) for .bss
    syscntl.o(.text) refers (Weak) to hw_otpc_531.o(.text) for hw_otpc_is_dcdc_reserved
    syscntl.o(.text) refers to syscntl.o(.text) for dcdc_cfg
    gpio.o(.text) refers to user_periph_setup.o(.text) for GPIO_reservations
    gpio.o(.text) refers to gpio.o(retention_mem_area0) for retention_mem_area0
    gpio.o(.text) refers to gpio.o(.constdata) for .constdata
    gpio.o(.text) refers to gpio.o(retention_mem_area0) for retention_mem_area0
    gpio.o(.text) refers to gpio.o(retention_mem_area0) for retention_mem_area0
    gpio.o(.text) refers to gpio.o(.text) for gpioshift16
    gpio.o(.text) refers to gpio.o(retention_mem_area0) for retention_mem_area0
    gpio.o(.text) refers to gpio.o(.text) for gpioshift16
    gpio.o(.text) refers to gpio.o(retention_mem_area0) for retention_mem_area0
    wkupct_quadec.o(.text) refers to syscntl.o(.text) for syscntl_use_highest_amba_clocks
    wkupct_quadec.o(.text) refers to wkupct_quadec.o(retention_mem_area0) for retention_mem_area0
    wkupct_quadec.o(.text) refers to wkupct_quadec.o(.text) for __NVIC_SetPriority
    wkupct_quadec.o(.text) refers to wkupct_quadec.o(.text) for __NVIC_EnableIRQ
    wkupct_quadec.o(.text) refers to wkupct_quadec.o(.text) for __NVIC_SetPriority
    wkupct_quadec.o(.text) refers to wkupct_quadec.o(.text) for __NVIC_EnableIRQ
    wkupct_quadec.o(.text) refers to wkupct_quadec.o(.text) for wkupct_quad_disable_IRQ
    wkupct_quadec.o(.text) refers to wkupct_quadec.o(.text) for wkupct_quad_disable_IRQ
    wkupct_quadec.o(.text) refers to wkupct_quadec.o(retention_mem_area0) for retention_mem_area0
    wkupct_quadec.o(.text) refers to wkupct_quadec.o(retention_mem_area0) for retention_mem_area0
    wkupct_quadec.o(.text) refers to wkupct_quadec.o(retention_mem_area0) for retention_mem_area0
    wkupct_quadec.o(.text) refers to wkupct_quadec.o(.text) for wkupct_quad_disable_IRQ
    wkupct_quadec.o(.text) refers to wkupct_quadec.o(.text) for quad_decoder_disable_irq
    wkupct_quadec.o(.text) refers to wkupct_quadec.o(.text) for __NVIC_SetPriority
    wkupct_quadec.o(.text) refers to wkupct_quadec.o(.text) for __NVIC_EnableIRQ
    battery.o(.text) refers to adc_531.o(.text) for adc_offset_calibrate
    battery.o(.text) refers to adc_531.o(.text) for adc_init
    battery.o(.text) refers to adc_531.o(.text) for adc_get_sample
    battery.o(.text) refers to adc_531.o(.text) for adc_correct_sample
    battery.o(.text) refers to adc_531.o(.text) for adc_disable
    battery.o(.text) refers to adc_531.o(.text) for adc_input_shift_config
    battery.o(.text) refers to adc_531.o(.text) for adc_input_shift_disable
    battery.o(.text) refers to battery.o(.constdata) for .constdata
    battery.o(.text) refers to battery.o(.constdata) for .constdata
    battery.o(.text) refers to battery.o(.text) for battery_get_voltage
    battery.o(.text) refers to battery.o(.constdata) for .constdata
    battery.o(.constdata) refers to battery.o(.text) for batt_cal_volt_cr2032
    adc_531.o(.text) refers to otp_cs.o(.text) for otp_cs_get_adc_25_cal
    adc_531.o(.text) refers to adc_531.o(.bss) for .bss
    adc_531.o(.text) refers to adc_531.o(retention_mem_area0) for retention_mem_area0
    adc_531.o(.text) refers to adc_531.o(.text) for __NVIC_DisableIRQ
    adc_531.o(.text) refers to adc_531.o(.text) for adc_input_shift_enable
    adc_531.o(.text) refers to adc_531.o(retention_mem_area0) for retention_mem_area0
    adc_531.o(.text) refers to adc_531.o(.text) for __NVIC_DisableIRQ
    adc_531.o(.text) refers to adc_531.o(retention_mem_area0) for retention_mem_area0
    adc_531.o(.text) refers to adc_531.o(.text) for adc_start
    adc_531.o(.text) refers to adc_531.o(.text) for adc_init
    adc_531.o(.text) refers to adc_531.o(.text) for adc_get_sample
    adc_531.o(.text) refers to adc_531.o(.text) for adc_correction_apply
    adc_531.o(.text) refers to adc_531.o(.bss) for .bss
    adc_531.o(.text) refers to otp_cs.o(.text) for otp_cs_get_adc_offsh_ge
    adc_531.o(.text) refers to otp_cs.o(.text) for otp_cs_get_adc_offsh_offset
    adc_531.o(.text) refers to otp_cs.o(.text) for otp_cs_get_adc_single_ge
    adc_531.o(.text) refers to otp_cs.o(.text) for otp_cs_get_adc_single_offset
    adc_531.o(.text) refers to otp_cs.o(.text) for otp_cs_get_adc_diff_ge
    adc_531.o(.text) refers to otp_cs.o(.text) for otp_cs_get_adc_diff_offset
    trng.o(.text) refers to trng.o(trng_state) for trng_state
    trng.o(.text) refers to arch_system.o(.bss) for otp_hdr_timestamp
    trng.o(.text) refers to trng.o(.bss) for .bss
    spi_531.o(.text) refers to spi_531.o(retention_mem_area0) for retention_mem_area0
    spi_531.o(.text) refers to spi_531.o(retention_mem_area0) for retention_mem_area0
    spi_531.o(.text) refers to spi_531.o(retention_mem_area0) for retention_mem_area0
    spi_531.o(.text) refers to spi_531.o(retention_mem_area0) for retention_mem_area0
    spi_531.o(.text) refers to spi_531.o(retention_mem_area0) for retention_mem_area0
    spi_531.o(.text) refers to spi_531.o(retention_mem_area0) for retention_mem_area0
    spi_531.o(.text) refers to spi_531.o(retention_mem_area0) for retention_mem_area0
    spi_531.o(.text) refers to spi_531.o(.text) for spi_enable
    spi_531.o(.text) refers to spi_531.o(.text) for spi_set_bitmode
    spi_531.o(.text) refers to spi_531.o(.text) for spi_set_cp_mode
    spi_531.o(.text) refers to spi_531.o(.text) for spi_set_speed
    spi_531.o(.text) refers to spi_531.o(retention_mem_area0) for retention_mem_area0
    spi_531.o(.text) refers to spi_531.o(retention_mem_area0) for retention_mem_area0
    spi_531.o(.text) refers to spi_531.o(.text) for spi_master_send
    spi_531.o(.text) refers to spi_531.o(retention_mem_area0) for retention_mem_area0
    spi_531.o(.text) refers to spi_531.o(.text) for spi_master_receive
    spi_531.o(.text) refers to spi_531.o(retention_mem_area0) for retention_mem_area0
    spi_531.o(.text) refers to spi_531.o(.text) for spi_master_transfer
    spi_531.o(.text) refers to spi_531.o(retention_mem_area0) for retention_mem_area0
    spi_531.o(.text) refers to spi_531.o(retention_mem_area0) for retention_mem_area0
    spi_531.o(.text) refers to spi_531.o(.text) for spi_cs_low
    spi_531.o(.text) refers to spi_531.o(.text) for spi_access
    spi_531.o(.text) refers to spi_531.o(.text) for spi_cs_high
    spi_531.o(.text) refers to spi_531.o(retention_mem_area0) for retention_mem_area0
    spi_flash.o(.text) refers to spi_531.o(.text) for spi_set_bitmode
    spi_flash.o(.text) refers to spi_531.o(.text) for spi_transaction
    spi_flash.o(.text) refers to spi_flash.o(.text) for spi_flash_read_status_reg
    spi_flash.o(.text) refers to spi_flash.o(.text) for spi_flash_read_status_reg
    spi_flash.o(.text) refers to spi_531.o(.text) for spi_cs_low
    spi_flash.o(.text) refers to spi_531.o(.text) for spi_cs_high
    spi_flash.o(.text) refers to spi_531.o(.text) for spi_set_bitmode
    spi_flash.o(.text) refers to spi_531.o(.text) for spi_transaction
    spi_flash.o(.text) refers to spi_flash.o(.bss) for .bss
    spi_flash.o(.text) refers to spi_531.o(.text) for spi_initialize
    spi_flash.o(.text) refers to spi_flash.o(.text) for spi_flash_configure_env
    spi_flash.o(.text) refers to spi_flash.o(.text) for spi_flash_release_from_power_down
    spi_flash.o(.text) refers to spi_flash.o(.text) for spi_flash_is_busy
    spi_flash.o(.text) refers to spi_531.o(.text) for spi_set_bitmode
    spi_flash.o(.text) refers to spi_531.o(.text) for spi_cs_low
    spi_flash.o(.text) refers to spi_531.o(.text) for spi_access
    spi_flash.o(.text) refers to spi_531.o(.text) for spi_cs_high
    spi_flash.o(.text) refers to spi_flash.o(.text) for spi_flash_read_jedec_id
    spi_flash.o(.text) refers to spi_flash.o(.text) for spi_flash_configure_env
    spi_flash.o(.text) refers to spi_flash.o(.constdata) for .constdata
    spi_flash.o(.text) refers to spi_531.o(.text) for spi_initialize
    spi_flash.o(.text) refers to spi_flash.o(.text) for spi_flash_release_from_power_down
    spi_flash.o(.text) refers to spi_flash.o(.text) for spi_flash_auto_detect
    spi_flash.o(.text) refers to spi_flash.o(.text) for spi_flash_is_busy
    spi_flash.o(.text) refers to spi_531.o(.text) for spi_set_bitmode
    spi_flash.o(.text) refers to spi_531.o(.text) for spi_transaction
    spi_flash.o(.text) refers to spi_flash.o(.text) for spi_flash_is_busy
    spi_flash.o(.text) refers to spi_531.o(.text) for spi_set_bitmode
    spi_flash.o(.text) refers to spi_531.o(.text) for spi_transaction
    spi_flash.o(.text) refers to spi_flash.o(.text) for spi_flash_wait_till_ready
    spi_flash.o(.text) refers to spi_flash.o(.text) for spi_flash_read_status_reg
    spi_flash.o(.text) refers to spi_flash.o(.text) for spi_flash_write_enable
    spi_flash.o(.text) refers to spi_flash.o(.text) for spi_flash_write_enable
    spi_flash.o(.text) refers to spi_flash.o(.text) for spi_flash_is_busy
    spi_flash.o(.text) refers to spi_531.o(.text) for spi_set_bitmode
    spi_flash.o(.text) refers to spi_531.o(.text) for spi_transaction
    spi_flash.o(.text) refers to spi_flash.o(.text) for spi_flash_wait_till_ready
    spi_flash.o(.text) refers to spi_flash.o(.text) for spi_flash_read_status_reg
    spi_flash.o(.text) refers to spi_flash.o(.text) for spi_flash_is_busy
    spi_flash.o(.text) refers to spi_531.o(.text) for spi_set_bitmode
    spi_flash.o(.text) refers to spi_531.o(.text) for spi_transaction
    spi_flash.o(.text) refers to spi_flash.o(.text) for spi_flash_wait_till_ready
    spi_flash.o(.text) refers to spi_531.o(.text) for spi_set_bitmode
    spi_flash.o(.text) refers to spi_531.o(.text) for spi_transaction
    spi_flash.o(.text) refers to spi_flash.o(.text) for spi_flash_set_write_enable
    spi_flash.o(.text) refers to spi_flash.o(.text) for spi_flash_wait_till_ready
    spi_flash.o(.text) refers to spi_531.o(.text) for spi_set_bitmode
    spi_flash.o(.text) refers to spi_531.o(.text) for spi_transaction
    spi_flash.o(.text) refers to spi_531.o(.text) for spi_set_bitmode
    spi_flash.o(.text) refers to spi_531.o(.text) for spi_transaction
    spi_flash.o(.text) refers to spi_flash.o(.text) for spi_flash_read_config_reg
    spi_flash.o(.text) refers to spi_flash.o(.text) for spi_flash_read_config_reg
    spi_flash.o(.text) refers to spi_flash.o(.text) for spi_flash_read_status_reg
    spi_flash.o(.text) refers to spi_flash.o(.text) for spi_flash_write_status_config_reg
    spi_flash.o(.text) refers to spi_flash.o(.text) for spi_flash_is_busy
    spi_flash.o(.text) refers to spi_531.o(.text) for spi_set_bitmode
    spi_flash.o(.text) refers to spi_531.o(.text) for spi_cs_low
    spi_flash.o(.text) refers to spi_531.o(.text) for spi_access
    spi_flash.o(.text) refers to spi_531.o(.text) for spi_cs_high
    spi_flash.o(.text) refers to spi_flash.o(.text) for spi_flash_is_busy
    spi_flash.o(.text) refers to spi_531.o(.text) for spi_set_bitmode
    spi_flash.o(.text) refers to spi_531.o(.text) for spi_cs_low
    spi_flash.o(.text) refers to spi_531.o(.text) for spi_access
    spi_flash.o(.text) refers to spi_531.o(.text) for spi_cs_high
    spi_flash.o(.text) refers to spi_flash.o(.text) for spi_flash_is_busy
    spi_flash.o(.text) refers to spi_flash.o(.text) for spi_flash_write_enable
    spi_flash.o(.text) refers to spi_flash.o(.text) for spi_flash_read_status_reg
    spi_flash.o(.text) refers to spi_flash.o(.text) for spi_flash_write_status_reg
    spi_flash.o(.text) refers to spi_flash.o(.text) for spi_flash_is_busy
    spi_flash.o(.text) refers to spi_flash.o(.text) for spi_flash_write_enable
    spi_flash.o(.text) refers to spi_531.o(.text) for spi_set_bitmode
    spi_flash.o(.text) refers to spi_531.o(.text) for spi_transaction
    spi_flash.o(.text) refers to spi_flash.o(.text) for spi_flash_wait_till_ready
    spi_flash.o(.text) refers to spi_flash.o(.text) for spi_flash_is_busy
    spi_flash.o(.text) refers to spi_flash.o(.text) for spi_flash_write_enable
    spi_flash.o(.text) refers to spi_531.o(.text) for spi_set_bitmode
    spi_flash.o(.text) refers to spi_531.o(.text) for spi_transaction
    spi_flash.o(.text) refers to spi_flash.o(.text) for spi_flash_wait_till_ready
    spi_flash.o(.text) refers to spi_flash.o(.text) for spi_flash_is_busy
    spi_flash.o(.text) refers to spi_flash.o(.text) for spi_flash_write_enable
    spi_flash.o(.text) refers to spi_531.o(.text) for spi_set_bitmode
    spi_flash.o(.text) refers to spi_531.o(.text) for spi_transaction
    spi_flash.o(.text) refers to spi_flash.o(.text) for spi_flash_is_busy
    spi_flash.o(.text) refers to spi_flash.o(.text) for spi_flash_write_enable
    spi_flash.o(.text) refers to spi_531.o(.text) for spi_set_bitmode
    spi_flash.o(.text) refers to spi_531.o(.text) for spi_transaction
    spi_flash.o(.text) refers to spi_flash.o(.text) for spi_flash_wait_till_ready
    spi_flash.o(.text) refers to spi_flash.o(.text) for spi_flash_is_busy
    spi_flash.o(.text) refers to spi_flash.o(.text) for spi_flash_configure_memory_protection
    spi_flash.o(.text) refers to spi_flash.o(.text) for spi_flash_chip_erase
    spi_flash.o(.text) refers to spi_flash.o(.text) for spi_flash_read_security_reg
    spi_flash.o(.text) refers to spi_flash.o(.text) for spi_flash_is_busy
    spi_flash.o(.text) refers to spi_flash.o(.text) for spi_flash_write_enable
    spi_flash.o(.text) refers to spi_531.o(.text) for spi_set_bitmode
    spi_flash.o(.text) refers to spi_531.o(.text) for spi_cs_low
    spi_flash.o(.text) refers to spi_531.o(.text) for spi_access
    spi_flash.o(.text) refers to spi_531.o(.text) for spi_cs_high
    spi_flash.o(.text) refers to spi_flash.o(.text) for spi_flash_wait_till_ready
    spi_flash.o(.text) refers to spi_flash.o(.text) for spi_flash_is_busy
    spi_flash.o(.text) refers to spi_flash.o(.text) for spi_flash_write_enable
    spi_flash.o(.text) refers to spi_531.o(.text) for spi_set_bitmode
    spi_flash.o(.text) refers to spi_531.o(.text) for spi_cs_low
    spi_flash.o(.text) refers to spi_531.o(.text) for spi_access
    spi_flash.o(.text) refers to spi_531.o(.text) for spi_send
    spi_flash.o(.text) refers to spi_531.o(.text) for spi_cs_high
    spi_flash.o(.text) refers to spi_flash.o(.text) for spi_flash_wait_till_ready
    spi_flash.o(.text) refers to spi_531.o(.text) for spi_set_bitmode
    spi_flash.o(.text) refers to spi_flash.o(.text) for spi_flash_page_program
    spi_flash.o(.text) refers to spi_flash.o(.bss) for .bss
    spi_flash.o(.text) refers to spi_531.o(.text) for spi_set_bitmode
    spi_flash.o(.text) refers to spi_flash.o(.text) for spi_flash_page_program_buffer
    spi_flash.o(.text) refers to spi_flash.o(.bss) for .bss
    spi_flash.o(.text) refers to spi_flash.o(.text) for spi_flash_is_busy
    spi_flash.o(.text) refers to spi_flash.o(.text) for spi_flash_write_enable
    spi_flash.o(.text) refers to spi_531.o(.text) for spi_set_bitmode
    spi_flash.o(.text) refers to spi_531.o(.text) for spi_cs_low
    spi_flash.o(.text) refers to spi_531.o(.text) for spi_access
    spi_flash.o(.text) refers to spi_531.o(.text) for spi_cs_high
    spi_flash.o(.text) refers to spi_flash.o(.text) for spi_flash_wait_till_ready
    spi_flash.o(.text) refers to spi_531.o(.text) for spi_set_bitmode
    spi_flash.o(.text) refers to spi_flash.o(.text) for spi_flash_page_fill
    spi_flash.o(.text) refers to spi_flash.o(.bss) for .bss
    spi_flash.o(.text) refers to spi_flash.o(.text) for spi_flash_read_security_reg
    spi_flash.o(.text) refers to spi_flash.o(.text) for spi_flash_is_busy
    spi_flash.o(.text) refers to spi_531.o(.text) for spi_set_bitmode
    spi_flash.o(.text) refers to spi_531.o(.text) for spi_cs_low
    spi_flash.o(.text) refers to spi_531.o(.text) for spi_access
    spi_flash.o(.text) refers to spi_531.o(.text) for spi_cs_high
    spi_flash.o(.text) refers to spi_flash.o(.bss) for .bss
    spi_flash.o(.text) refers to spi_flash.o(.text) for spi_flash_is_busy
    spi_flash.o(.text) refers to spi_531.o(.text) for spi_set_bitmode
    spi_flash.o(.text) refers to spi_531.o(.text) for spi_cs_low
    spi_flash.o(.text) refers to spi_531.o(.text) for spi_access
    spi_flash.o(.text) refers to spi_531.o(.text) for spi_receive
    spi_flash.o(.text) refers to spi_531.o(.text) for spi_cs_high
    spi_flash.o(.text) refers to spi_flash.o(.bss) for .bss
    spi_flash.o(.text) refers to spi_flash.o(.text) for spi_flash_read_data
    spi_flash.o(.text) refers to spi_flash.o(.text) for spi_flash_is_page_empty
    spi_flash.o(.text) refers to spi_flash.o(.text) for spi_flash_is_sector_empty
    spi_flash.o(.text) refers to spi_flash.o(.bss) for .bss
    i2c_eeprom.o(.text) refers to i2c_eeprom.o(retention_mem_area0) for retention_mem_area0
    i2c_eeprom.o(.text) refers to i2c_eeprom.o(retention_mem_area0) for retention_mem_area0
    i2c_eeprom.o(.text) refers to i2c.o(.text) for i2c_init
    i2c_eeprom.o(.text) refers to i2c_eeprom.o(retention_mem_area0) for retention_mem_area0
    i2c_eeprom.o(.text) refers to i2c.o(.text) for i2c_release
    i2c_eeprom.o(.text) refers to i2c.o(.text) for i2c_release
    i2c_eeprom.o(.text) refers to i2c_eeprom.o(retention_mem_area0) for retention_mem_area0
    i2c_eeprom.o(.text) refers to i2c_eeprom.o(.text) for i2c_write_last_byte
    i2c_eeprom.o(.text) refers to i2c_eeprom.o(retention_mem_area0) for retention_mem_area0
    i2c_eeprom.o(.text) refers to i2c_eeprom.o(.text) for i2c_wait_until_eeprom_ready
    i2c_eeprom.o(.text) refers to i2c_eeprom.o(.text) for i2c_eeprom_send_address
    i2c_eeprom.o(.text) refers to i2c_eeprom.o(.text) for i2c_write_last_byte
    i2c_eeprom.o(.text) refers to i2c_eeprom.o(.text) for i2c_eeprom_send_address
    i2c_eeprom.o(.text) refers to i2c_eeprom.o(.text) for i2c_write_last_byte
    i2c_eeprom.o(.text) refers to i2c_eeprom.o(.text) for i2c_wait_until_eeprom_ready
    i2c_eeprom.o(.text) refers to i2c_eeprom.o(.text) for read_data_single
    i2c_eeprom.o(.text) refers to i2c_eeprom.o(retention_mem_area0) for retention_mem_area0
    i2c_eeprom.o(.text) refers to i2c_eeprom.o(.text) for i2c_wait_until_eeprom_ready
    i2c_eeprom.o(.text) refers to i2c_eeprom.o(.text) for i2c_eeprom_send_address
    i2c_eeprom.o(.text) refers to i2c_eeprom.o(.text) for i2c_write_last_byte
    i2c_eeprom.o(.text) refers to i2c_eeprom.o(.text) for i2c_wait_until_eeprom_ready
    i2c_eeprom.o(.text) refers to i2c_eeprom.o(.text) for i2c_eeprom_send_address
    i2c_eeprom.o(.text) refers to i2c_eeprom.o(.text) for i2c_write_last_byte
    i2c_eeprom.o(.text) refers to i2c_eeprom.o(retention_mem_area0) for retention_mem_area0
    i2c_eeprom.o(.text) refers to i2c_eeprom.o(.text) for i2c_eeprom_write_page
    i2c_eeprom.o(.text) refers to i2c_eeprom.o(retention_mem_area0) for retention_mem_area0
    systick.o(.text) refers to systick.o(retention_mem_area0) for retention_mem_area0
    systick.o(.text) refers to systick.o(retention_mem_area0) for retention_mem_area0
    systick.o(.text) refers to systick.o(.text) for systick_start
    systick.o(.text) refers to systick.o(.text) for systick_stop
    uart.o(.text) refers to uart.o(retention_mem_area0) for retention_mem_area0
    uart.o(.text) refers to uart.o(retention_mem_area0) for retention_mem_area0
    uart.o(.text) refers to uart.o(retention_mem_area0) for retention_mem_area0
    uart.o(.text) refers to uart.o(.text) for uart_read_byte
    uart.o(.text) refers to uart.o(.text) for uart_read_buffer
    uart.o(.text) refers to uart.o(.text) for __NVIC_DisableIRQ
    uart.o(.text) refers to uart.o(retention_mem_area0) for retention_mem_area0
    uart.o(.text) refers to uart.o(.text) for uart_enable_flow_control
    hw_otpc_531.o(.text) refers to syscntl.o(.text) for syscntl_dcdc_get_level
    hw_otpc_531.o(.text) refers to hw_otpc_531.o(retention_mem_area0) for retention_mem_area0
    hw_otpc_531.o(.text) refers to hw_otpc_531.o(.constdata) for .constdata
    hw_otpc_531.o(.text) refers to syscntl.o(.bss) for syscntl_dcdc_state
    hw_otpc_531.o(.text) refers to hw_otpc_531.o(.text) for hw_otpc_enter_mode
    hw_otpc_531.o(.text) refers to hw_otpc_531.o(.text) for hw_otpc_enter_mode
    hw_otpc_531.o(.text) refers to hw_otpc_531.o(.text) for hw_otpc_enter_mode
    hw_otpc_531.o(.text) refers to hw_otpc_531.o(.text) for hw_otpc_enter_mode
    hw_otpc_531.o(.text) refers to hw_otpc_531.o(.text) for hw_otpc_prog
    hw_otpc_531.o(.text) refers to hw_otpc_531.o(.text) for hw_otpc_read_verif
    hw_otpc_531.o(.text) refers to hw_otpc_531.o(.text) for hw_otpc_enter_mode
    hw_otpc_531.o(.text) refers to hw_otpc_531.o(.text) for hw_otpc_enter_mode
    i2c.o(.text) refers to i2c.o(.text) for i2c_setup_slave
    i2c.o(.text) refers to i2c.o(.text) for i2c_setup_master
    i2c.o(.text) refers to i2c.o(.bss) for .bss
    i2c.o(.text) refers to i2c.o(.text) for i2c_register_int
    i2c.o(.text) refers to i2c.o(.text) for __NVIC_ClearPendingIRQ
    i2c.o(.text) refers to i2c.o(.text) for i2c_unregister_int
    i2c.o(.text) refers to i2c.o(.bss) for .bss
    i2c.o(.text) refers to i2c.o(.text) for tx_reply
    i2c.o(.text) refers to i2c.o(.bss) for .bss
    i2c.o(.text) refers to i2c.o(.text) for i2c_register_int
    i2c.o(.text) refers to i2c.o(.bss) for .bss
    i2c.o(.text) refers to i2c.o(.text) for intr_master_transmit_buffer_handler
    i2c.o(.text) refers to i2c.o(.text) for i2c_unregister_int
    i2c.o(.text) refers to i2c.o(.bss) for .bss
    i2c.o(.text) refers to i2c.o(.text) for rx_reply
    i2c.o(.text) refers to i2c.o(.bss) for .bss
    i2c.o(.text) refers to i2c.o(.text) for i2c_register_int
    i2c.o(.text) refers to i2c.o(.bss) for .bss
    i2c.o(.text) refers to i2c.o(.text) for intr_master_receive_buffer_handler
    i2c.o(.text) refers to i2c.o(.text) for rx_reply
    i2c.o(.text) refers to i2c.o(.bss) for .bss
    i2c.o(.text) refers to i2c.o(.text) for i2c_register_int
    i2c.o(.text) refers to i2c.o(.bss) for .bss
    i2c.o(.text) refers to i2c.o(.text) for intr_slave_receive_buffer_handler
    i2c.o(.text) refers to i2c.o(.text) for tx_reply
    i2c.o(.text) refers to i2c.o(.bss) for .bss
    i2c.o(.text) refers to i2c.o(.text) for i2c_register_int
    i2c.o(.text) refers to i2c.o(.bss) for .bss
    i2c.o(.text) refers to i2c.o(.text) for intr_slave_transmit_buffer_handler
    i2c.o(.text) refers to i2c.o(.bss) for .bss
    rwble.o(.text) refers to arch_system.o(.text) for lld_sleep_lpcycles_2_us_sel_func
    rwble.o(.text) refers to syscntl.o(.text) for syscntl_use_highest_amba_clocks
    rwble.o(.text) refers to rwip.o(.text) for patched_ble_regs_pop
    rwble.o(.text) refers to rf_531.o(.text) for rf_adplldig_deactivate
    rwble.o(.text) refers to rwble.o(retention_mem_area0) for retention_mem_area0
    rwble.o(.text) refers to rwip.o(retention_mem_area0) for slp_period_retained
    rwble.o(.text) refers to rwip.o(retention_mem_area0) for sleep_lp_cycles
    rwble.o(.text) refers to arch_system.o(retention_mem_area0) for clk_freq_trim_reg_value
    rwip.o(.text) refers to arch_sleep.o(.text) for arch_ble_ext_wakeup_get
    rwip.o(.text) refers to arch_system.o(.text) for set_sleep_delay
    rwip.o(.text) refers to syscntl.o(.text) for syscntl_cfg_xtal32m_amp_reg
    rwip.o(.text) refers to rwip.o(retention_mem_area0) for retention_mem_area0
    rwip.o(.text) refers to arch_system.o(retention_mem_area0) for xtal_wait_trim
    rwip.o(.text) refers to arch_system.o(.bss) for twirq_reset_value
    rwip.o(.text) refers to rwip.o(.bss) for .bss
    rwip.o(.text) refers to rwble.o(retention_mem_area0) for ble_finetim_corr
    ble_arp.o(.text) refers (Weak) to rf_531.o(.text) for rf_pa_pwr_get
    ble_arp.o(.text) refers to syscntl.o(.text) for syscntl_cfg_xtal32m_amp_reg
    ble_arp.o(.text) refers to rf_531.o(.text) for rf_power_up
    ble_arp.o(.text) refers to otp_cs.o(.text) for otp_cs_load_pd_rad
    ble_arp.o(.text) refers to ble_arp.o(.constdata) for .constdata
    rf_531.o(.text) refers to rf_531.o(retention_mem_area0) for retention_mem_area0
    rf_531.o(.text) refers to rf_531.o(.data) for .data
    rf_531.o(.text) refers to rf_531.o(.bss) for .bss
    rf_531.o(.text) refers to rf_531.o(.text) for en_adpll_tx
    rf_531.o(.text) refers to rf_531.o(.bss) for .bss
    rf_531.o(.text) refers to rf_531.o(.bss) for .bss
    rf_531.o(.text) refers to rf_531.o(.bss) for .bss
    rf_531.o(.text) refers to rf_531.o(retention_mem_area0) for retention_mem_area0
    rf_531.o(.text) refers to rf_531.o(retention_mem_area0) for retention_mem_area0
    custs1.o(.constdata) refers to user_custs1_def.o(.constdata) for custs1_services
    custs1.o(.constdata) refers to user_custs1_def.o(.constdata) for custs1_services_size
    custs1.o(.constdata) refers to user_custs1_def.o(.constdata) for custs1_att_db
    custs1.o(.constdata) refers to app_customs.o(.text) for custs_get_func_callbacks
    custs1_task.o(.text) refers to app_customs.o(.text) for custs_get_func_callbacks
    custs1_task.o(.constdata) refers to custs1_task.o(.text) for gattc_write_req_ind_handler
    custs1_task.o(.constdata) refers to custs1_task.o(.constdata) for custs1_default_state
    prf.o(.text) refers to prf.o(retention_mem_area0) for retention_mem_area0
    prf.o(.text) refers to custs1_task.o(.constdata) for custs1_default_handler
    prf.o(.constdata) refers to prf.o(.constdata) for prf_if
    prf.o(.constdata) refers to prf.o(retention_mem_area0) for prf_env
    app_default_handlers.o(.text) refers to app.o(.text) for app_easy_gap_undirected_advertise_start
    app_default_handlers.o(.text) refers to app_diss.o(.text) for app_dis_init
    app_default_handlers.o(.text) refers to app.o(.text) for prf_init_srv_perm
    app_default_handlers.o(.text) refers to arch_sleep.o(.text) for arch_set_sleep_mode
    app_default_handlers.o(.text) refers to app.o(.text) for app_prf_enable
    app_default_handlers.o(.text) refers to user_multi_peripheral.o(.text) for user_app_adv_start
    app_default_handlers.o(.text) refers to app_easy_security.o(.text) for app_easy_security_send_pairing_rsp
    app_default_handlers.o(.text) refers to app_security.o(.text) for app_sec_gen_ltk
    app_default_handlers.o(.text) refers to app.o(retention_mem_area0) for app_env
    app_default_handlers.o(.text) refers to user_multi_peripheral.o(.text) for user_app_adv_start
    app_default_handlers.o(.text) refers to app.o(.text) for app_db_init_start
    app_default_handlers.o(.text) refers to user_multi_peripheral.o(.text) for app_db_init_start
    app_default_handlers.o(.text) refers to hw_otpc_531.o(.text) for hw_otpc_init
    app_default_handlers.o(.text) refers to otp_cs.o(.text) for otp_cs_get_adc_single_offset
    app_default_handlers.o(.text) refers to otp_cs.o(.text) for otp_cs_get_adc_single_ge
    app_default_handlers.o(.text) refers to otp_cs.o(.text) for otp_cs_get_adc_diff_offset
    app_default_handlers.o(.text) refers to otp_cs.o(.text) for otp_cs_get_adc_diff_ge
    app_default_handlers.o(.text) refers to hash.o(.text) for hash
    app_default_handlers.o(.text) refers to app_easy_security.o(.text) for app_easy_security_csrk_exch
    app_default_handlers.o(.text) refers to app_easy_security.o(.text) for app_easy_security_bdb_search_entry
    app_default_handlers.o(.text) refers to app_easy_security.o(.text) for app_easy_security_accept_encryption
    app_default_handlers.o(.text) refers to app_easy_security.o(.text) for app_easy_security_reject_encryption
    app_default_handlers.o(.text) refers to app_security.o(retention_mem_area0) for app_sec_env
    app_default_handlers.o(.text) refers to app_easy_security.o(.text) for app_easy_security_bdb_add_entry
    app_default_handlers.o(.text) refers to app_security.o(retention_mem_area0) for app_sec_env
    app_default_handlers.o(.text) refers to app_easy_security.o(.text) for app_easy_security_bdb_search_entry
    app_default_handlers.o(.text) refers to app_easy_security.o(.text) for app_easy_security_accept_encryption
    app_default_handlers.o(.text) refers to app_easy_security.o(.text) for app_easy_security_reject_encryption
    app_default_handlers.o(.text) refers to app_security.o(retention_mem_area0) for app_sec_env
    app_default_handlers.o(.text) refers to app_easy_security.o(.text) for app_easy_security_reject_encryption
    app_default_handlers.o(.constdata) refers to user_multi_peripheral.o(.text) for user_app_adv_start
    app.o(.text) refers to app.o(.constdata) for .constdata
    app.o(.text) refers to app.o(retention_mem_area0) for retention_mem_area0
    app.o(.text) refers to user_custs_config.o(.constdata) for cust_prf_funcs
    app.o(.text) refers to app.o(.text) for append_device_name
    app.o(.text) refers to app.o(retention_mem_area0) for retention_mem_area0
    app.o(.text) refers to app.o(.text) for append_device_name
    app.o(.text) refers to app.o(retention_mem_area0) for retention_mem_area0
    app.o(.text) refers to app.o(retention_mem_area0) for retention_mem_area0
    app.o(.text) refers to app.o(.constdata) for .constdata
    app.o(.text) refers to app.o(retention_mem_area0) for retention_mem_area0
    app.o(.text) refers to app.o(retention_mem_area0) for retention_mem_area0
    app.o(.text) refers to app.o(.text) for app_easy_gap_advertise_stop
    app.o(.text) refers to app.o(retention_mem_area0) for retention_mem_area0
    app.o(.text) refers to app.o(retention_mem_area0) for retention_mem_area0
    app.o(.text) refers to app.o(retention_mem_area0) for retention_mem_area0
    app.o(.text) refers to app.o(.text) for app_easy_gap_undirected_advertise_start_create_msg
    app.o(.text) refers to app.o(.text) for app_easy_gap_undirected_advertise_start_create_msg
    app.o(.text) refers to app.o(retention_mem_area0) for retention_mem_area0
    app.o(.text) refers to app.o(.text) for app_easy_gap_directed_advertise_start_create_msg
    app.o(.text) refers to app.o(.text) for app_easy_gap_directed_advertise_start_create_msg
    app.o(.text) refers to app.o(retention_mem_area0) for retention_mem_area0
    app.o(.text) refers to app.o(.text) for app_easy_gap_non_connectable_advertise_start_create_msg
    app.o(.text) refers to app.o(.text) for app_easy_gap_non_connectable_advertise_start_create_msg
    app.o(.text) refers to app.o(retention_mem_area0) for retention_mem_area0
    app.o(.text) refers to app_easy_timer.o(.text) for app_easy_timer_cancel
    app.o(.text) refers to app.o(.text) for app_easy_gap_undirected_advertise_start
    app.o(.text) refers to app.o(retention_mem_area0) for retention_mem_area0
    app.o(.text) refers to app.o(.text) for app_easy_gap_advertise_stop_handler
    app.o(.text) refers to app_easy_timer.o(.text) for app_easy_timer_cancel
    app.o(.text) refers to app.o(retention_mem_area0) for retention_mem_area0
    app.o(.text) refers to app.o(.text) for app_easy_gap_param_update_msg_create
    app.o(.text) refers to app.o(.text) for app_easy_gap_param_update_msg_create
    app.o(.text) refers to app.o(retention_mem_area0) for retention_mem_area0
    app.o(.text) refers to app.o(.text) for app_easy_gap_start_connection_to_msg_create
    app.o(.text) refers to app.o(.text) for app_easy_gap_start_connection_to_msg_create
    app.o(.text) refers to app.o(.text) for app_easy_gap_start_connection_to_msg_create
    app.o(.text) refers to app.o(retention_mem_area0) for retention_mem_area0
    app.o(.text) refers to app.o(.text) for app_easy_gap_dev_config_create_msg
    app.o(.text) refers to app.o(retention_mem_area0) for retention_mem_area0
    app.o(.constdata) refers to app_diss.o(.text) for app_diss_create_db
    app.o(.constdata) refers to app_task.o(.constdata) for app_default_handler
    app.o(.constdata) refers to app_task.o(retention_mem_area0) for app_state
    app_task.o(.text) refers to user_multi_peripheral.o(.text) for user_catch_rest_hndl
    app_task.o(.text) refers to app.o(.text) for app_easy_gap_dev_configure
    app_task.o(.text) refers to app_default_handlers.o(.text) for default_app_on_get_dev_name
    app_task.o(.text) refers to app_entry_point.o(.text) for app_std_process_event
    app_task.o(.text) refers to app.o(retention_mem_area0) for app_env
    app_task.o(.text) refers to app_security.o(retention_mem_area0) for app_sec_env
    app_task.o(.text) refers to app_task.o(.constdata) for .constdata
    app_task.o(.constdata) refers to user_multi_peripheral.o(.text) for user_on_connection
    app_task.o(.constdata) refers to app_default_handlers.o(.text) for default_app_on_db_init_complete
    app_task.o(.constdata) refers to app_default_handlers.o(.text) for default_app_generate_static_random_addr
    app_task.o(.constdata) refers to app_task.o(.text) for gapm_device_ready_ind_handler
    app_task.o(.constdata) refers to app_entry_point.o(.text) for app_entry_point_handler
    app_task.o(.constdata) refers to app_task.o(.constdata) for app_default_state
    app_security.o(.text) refers to app_utils.o(.text) for app_fill_random_byte_array
    app_security.o(.text) refers to app_security.o(retention_mem_area0) for retention_mem_area0
    app_security.o(.text) refers to app_utils.o(.text) for app_fill_random_byte_array
    app_security.o(.text) refers to app_security.o(retention_mem_area0) for retention_mem_area0
    app_security_task.o(.text) refers to app_default_handlers.o(.text) for default_app_on_pairing_request
    app_security_task.o(.text) refers to app.o(.text) for app_easy_gap_disconnect
    app_security_task.o(.text) refers to user_multi_peripheral.o(.text) for user_catch_rest_hndl
    app_security_task.o(.text) refers to app_entry_point.o(.text) for app_std_process_event
    app_security_task.o(.text) refers to app.o(retention_mem_area0) for app_env
    app_security_task.o(.text) refers to app_security.o(retention_mem_area0) for app_sec_env
    app_security_task.o(.text) refers to app_security_task.o(.constdata) for .constdata
    app_security_task.o(.constdata) refers to user_multi_peripheral.o(.text) for user_on_connection
    app_security_task.o(.constdata) refers to app_default_handlers.o(.text) for default_app_on_db_init_complete
    app_security_task.o(.constdata) refers to app_default_handlers.o(.text) for default_app_generate_static_random_addr
    app_security_task.o(.constdata) refers to app_security_task.o(.text) for gapc_bond_req_ind_handler
    app_diss.o(.text) refers to app.o(.text) for get_user_prf_srv_perm
    app_diss_task.o(.text) refers to app_entry_point.o(.text) for app_std_process_event
    app_diss_task.o(.text) refers to app_diss_task.o(.constdata) for .constdata
    app_diss_task.o(.constdata) refers to app_diss_task.o(.text) for diss_value_req_ind_handler
    app_entry_point.o(.text) refers to user_multi_peripheral.o(.text) for user_catch_rest_hndl
    app_entry_point.o(.text) refers to app_entry_point.o(.constdata) for .constdata
    app_entry_point.o(.constdata) refers to app_task.o(.text) for app_gap_process_handler
    app_entry_point.o(.constdata) refers to app_easy_timer.o(.text) for app_timer_api_process_handler
    app_entry_point.o(.constdata) refers to app_easy_msg_utils.o(.text) for app_msg_utils_api_process_handler
    app_entry_point.o(.constdata) refers to app_security_task.o(.text) for app_sec_process_handler
    app_entry_point.o(.constdata) refers to app_diss_task.o(.text) for app_diss_process_handler
    app_entry_point.o(.constdata) refers to app_customs_task.o(.text) for app_custs1_process_handler
    app_msg_utils.o(.text) refers to app_msg_utils.o(.text) for app_check_BLE_active
    app_msg_utils.o(.text) refers to arch_sleep.o(.text) for arch_ble_force_wakeup
    app_easy_msg_utils.o(.text) refers to app_easy_msg_utils.o(.text) for app_easy_msg_find_idx
    app_easy_msg_utils.o(.text) refers to app_easy_msg_utils.o(retention_mem_area0) for retention_mem_area0
    app_easy_msg_utils.o(.text) refers to app_easy_msg_utils.o(retention_mem_area0) for retention_mem_area0
    app_easy_msg_utils.o(.text) refers to app_easy_msg_utils.o(.text) for app_easy_msg_find_idx
    app_easy_msg_utils.o(.text) refers to app_easy_msg_utils.o(retention_mem_area0) for retention_mem_area0
    app_easy_msg_utils.o(.text) refers to app_easy_msg_utils.o(.text) for app_easy_msg_modify
    app_easy_msg_utils.o(.text) refers to app_easy_msg_utils.o(.text) for app_easy_msg_set
    app_easy_msg_utils.o(.text) refers to app_easy_msg_utils.o(retention_mem_area0) for retention_mem_area0
    app_easy_msg_utils.o(.text) refers to app_easy_msg_utils.o(.text) for app_easy_msg_free_callback
    app_easy_msg_utils.o(.text) refers to app_easy_msg_utils.o(retention_mem_area0) for retention_mem_area0
    app_easy_msg_utils.o(.text) refers to app_easy_msg_utils.o(retention_mem_area0) for retention_mem_area0
    app_easy_msg_utils.o(.text) refers to app_easy_msg_utils.o(retention_mem_area0) for retention_mem_area0
    app_easy_security.o(.text) refers to app_easy_security.o(retention_mem_area0) for retention_mem_area0
    app_easy_security.o(.text) refers to app_easy_security.o(.constdata) for .constdata
    app_easy_security.o(.text) refers to app_security.o(retention_mem_area0) for app_sec_env
    app_easy_security.o(.text) refers to app_easy_security.o(.text) for pairing_rsp_create_msg
    app_easy_security.o(.text) refers to app_easy_security.o(.text) for tk_exch_create_msg
    app_easy_security.o(.text) refers to app_security.o(.text) for app_sec_gen_csrk
    app_easy_security.o(.text) refers to app_easy_security.o(retention_mem_area0) for retention_mem_area0
    app_easy_security.o(.text) refers to app_security.o(retention_mem_area0) for app_sec_env
    app_easy_security.o(.text) refers to app_easy_security.o(.text) for csrk_exch_create_msg
    app_easy_security.o(.text) refers to app_easy_security.o(.text) for csrk_exch_create_msg
    app_easy_security.o(.text) refers to app_easy_security.o(retention_mem_area0) for retention_mem_area0
    app_easy_security.o(.text) refers to app_easy_security.o(.text) for ltk_exch_create_msg
    app_easy_security.o(.text) refers to app_easy_security.o(.text) for ltk_exch_create_msg
    app_easy_security.o(.text) refers to app_easy_security.o(retention_mem_area0) for retention_mem_area0
    app_easy_security.o(.text) refers to app_easy_security.o(.text) for encrypt_cfm_create_msg
    app_easy_security.o(.text) refers to app_easy_security.o(retention_mem_area0) for retention_mem_area0
    app_easy_security.o(.text) refers to app_easy_security.o(.text) for encrypt_cfm_create_msg
    app_easy_security.o(.text) refers to app_easy_security.o(.text) for encrypt_cfm_create_msg
    app_easy_security.o(.text) refers to app_security.o(retention_mem_area0) for app_sec_env
    app_easy_security.o(.text) refers to app_easy_security.o(.text) for encrypt_cfm_create_msg
    app_easy_security.o(.text) refers to app_easy_security.o(retention_mem_area0) for retention_mem_area0
    app_easy_security.o(.text) refers to app_easy_security.o(.text) for app_easy_security_request_get_active
    app_easy_security.o(.text) refers to app_easy_security.o(retention_mem_area0) for retention_mem_area0
    app_easy_security.o(.text) refers to app.o(.text) for app_easy_gap_confirm
    app_easy_security.o(.text) refers to app_easy_security.o(.text) for app_easy_security_set_encrypt_req_valid
    app_easy_security.o(.text) refers to app_easy_security.o(.text) for app_easy_security_encrypt_cfm
    app_easy_security.o(.text) refers to app_security.o(retention_mem_area0) for app_sec_env
    app_easy_security.o(.text) refers to app_easy_security.o(.text) for app_easy_security_set_encrypt_req_invalid
    app_easy_security.o(.text) refers to app_easy_security.o(.text) for app_easy_security_encrypt_cfm
    app_easy_security.o(.text) refers to app.o(.text) for app_easy_gap_disconnect
    app_easy_timer.o(.text) refers to app_msg_utils.o(.text) for app_check_BLE_active
    app_easy_timer.o(.text) refers to arch_sleep.o(.text) for arch_ble_force_wakeup
    app_easy_timer.o(.text) refers to app_easy_timer.o(.text) for timer_modified_handler
    app_easy_timer.o(.text) refers to app_easy_timer.o(retention_mem_area0) for retention_mem_area0
    app_easy_timer.o(.text) refers to app_easy_timer.o(.text) for timer_canceled_handler
    app_easy_timer.o(.text) refers to app_easy_timer.o(retention_mem_area0) for retention_mem_area0
    app_easy_timer.o(.text) refers to app_easy_timer.o(.text) for timer_modified_handler
    app_easy_timer.o(.text) refers to app_easy_timer.o(.text) for app_easy_timer_cancel
    app_easy_timer.o(.text) refers to app_easy_timer.o(retention_mem_area0) for retention_mem_area0
    app_easy_timer.o(.text) refers to app_easy_timer.o(.text) for timer_canceled_handler
    app_customs.o(.text) refers to app.o(.text) for get_user_prf_srv_perm
    app_customs.o(.text) refers to user_custs_config.o(.constdata) for cust_prf_funcs
    app_customs_task.o(.text) refers to app_entry_point.o(.text) for app_std_process_event
    app_bond_db.o(.text) refers to app_bond_db.o(.text) for bond_db_clear
    app_bond_db.o(.text) refers to app_bond_db.o(retention_mem_area0) for retention_mem_area0
    app_bond_db.o(.text) refers to app_bond_db.o(retention_mem_area0) for retention_mem_area0
    app_bond_db.o(.text) refers to app_bond_db.o(.text) for bond_db_clear
    app_bond_db.o(.text) refers to app_bond_db.o(retention_mem_area0) for retention_mem_area0
    app_bond_db.o(.text) refers to app_bond_db.o(retention_mem_area0) for retention_mem_area0
    app_bond_db.o(.text) refers to app_bond_db.o(retention_mem_area0) for retention_mem_area0
    app_bond_db.o(.text) refers to app_bond_db.o(retention_mem_area0) for retention_mem_area0
    app_bond_db.o(.text) refers to app_bond_db.o(retention_mem_area0) for retention_mem_area0
    app_bond_db.o(.text) refers to app_bond_db.o(retention_mem_area0) for retention_mem_area0
    user_custs_config.o(.constdata) refers to user_custs1_def.o(.constdata) for custs1_att_db
    user_custs_config.o(.constdata) refers to app_customs.o(.text) for app_custs1_create_db
    user_custs1_def.o(.constdata) refers to user_custs1_def.o(.constdata) for att_decl_svc
    user_custs1_def.o(.constdata) refers to user_custs1_def.o(.constdata) for custs1_svc1
    user_custs1_def.o(.constdata) refers to user_custs1_def.o(.constdata) for att_decl_char
    user_custs1_def.o(.constdata) refers to user_custs1_def.o(.constdata) for SVC1_CTRL_POINT_UUID_128
    user_custs1_def.o(.constdata) refers to user_custs1_def.o(.constdata) for att_desc_user_desc
    user_custs1_def.o(.constdata) refers to user_custs1_def.o(.conststring) for .conststring
    user_custs1_def.o(.constdata) refers to user_custs1_def.o(.constdata) for SVC1_LED_STATE_UUID_128
    user_custs1_def.o(.constdata) refers to user_custs1_def.o(.constdata) for SVC1_ADC_VAL_1_UUID_128
    user_custs1_def.o(.constdata) refers to user_custs1_def.o(.constdata) for att_desc_cfg
    user_custs1_def.o(.constdata) refers to user_custs1_def.o(.constdata) for SVC1_INDICATEABLE_UUID_128
    user_custs1_def.o(.constdata) refers to user_custs1_def.o(.constdata) for SVC1_LONG_VALUE_UUID_128
    user_custs1_def.o(.constdata) refers to user_custs1_def.o(.constdata) for custs1_svc2
    user_custs1_def.o(.constdata) refers to user_custs1_def.o(.constdata) for SVC2_WRITE_VAL_1_UUID_128
    user_custs1_def.o(.constdata) refers to user_custs1_def.o(.constdata) for custs1_svc3
    user_custs1_def.o(.constdata) refers to user_custs1_def.o(.constdata) for SVC3_READ_VAL_1_UUID_128
    user_periph_setup.o(.text) refers to gpio.o(.text) for GPIO_ConfigurePin
    user_periph_setup.o(.text) refers to syscntl.o(.text) for syscntl_dcdc_turn_on_in_boost
    user_periph_setup.o(.text) refers to patch.o(.text) for patch_func
    user_periph_setup.o(.text) refers to uart.o(.text) for uart_initialize
    user_periph_setup.o(.text) refers to gpio.o(retention_mem_area0) for GPIO
    user_periph_setup.o(.text) refers to user_periph_setup.o(.constdata) for .constdata
    user_multi_peripheral.o(.text) refers to app_default_handlers.o(.text) for default_app_on_connection
    user_multi_peripheral.o(.text) refers to app.o(.text) for app_easy_gap_confirm
    user_multi_peripheral.o(.text) refers to app_diss.o(.text) for app_dis_init
    user_multi_peripheral.o(.text) refers to arch_sleep.o(.text) for arch_set_sleep_mode
    user_multi_peripheral.o(.text) refers to app.o(retention_mem_area0) for app_env
    user_multi_peripheral.o(.text) refers to user_multi_peripheral.o(retention_mem_area0) for retention_mem_area0
    user_multi_peripheral.o(.text) refers to user_custs1_impl.o(retention_mem_area0) for non_db_val_read
    user_multi_peripheral.o(.text) refers to user_multi_peripheral.o(.conststring) for .conststring
    user_multi_peripheral.o(.text) refers to app_security.o(retention_mem_area0) for app_sec_env
    user_multi_peripheral.o(.text) refers to user_custs1_impl.o(.text) for user_svc1_rest_att_info_req_handler
    user_multi_peripheral.o(.text) refers to app.o(retention_mem_area0) for app_env
    user_multi_peripheral.o(.text) refers to user_multi_peripheral.o(retention_mem_area0) for retention_mem_area0
    user_multi_peripheral.o(.constdata) refers to user_multi_peripheral.o(.text) for user_on_connection
    user_multi_peripheral.o(.constdata) refers to app_default_handlers.o(.text) for default_app_on_db_init_complete
    user_multi_peripheral.o(.constdata) refers to app_default_handlers.o(.text) for default_app_generate_static_random_addr
    user_multi_peripheral.o(.constdata) refers to user_multi_peripheral.o(.text) for user_app_adv_start
    user_custs1_impl.o(.text) refers to app_easy_timer.o(.text) for app_easy_timer
    user_custs1_impl.o(.text) refers to gpio.o(.text) for GPIO_SetInactive
    user_custs1_impl.o(.text) refers to user_multi_peripheral.o(.text) for sdkconidx_to_appconidx
    user_custs1_impl.o(.text) refers to user_custs1_impl.o(retention_mem_area0) for retention_mem_area0
    user_custs1_impl.o(.text) refers to app.o(retention_mem_area0) for app_env
    entry.o(.ARM.Collect$$$$00000000) refers (Special) to entry10a.o(.ARM.Collect$$$$0000000F) for __rt_final_cpp
    entry.o(.ARM.Collect$$$$00000000) refers (Special) to entry11a.o(.ARM.Collect$$$$00000011) for __rt_final_exit
    entry.o(.ARM.Collect$$$$00000000) refers (Special) to entry12b.o(.ARM.Collect$$$$0000000E) for __rt_lib_shutdown_fini
    entry.o(.ARM.Collect$$$$00000000) refers (Special) to entry7b.o(.ARM.Collect$$$$00000008) for _main_clock
    entry.o(.ARM.Collect$$$$00000000) refers (Special) to entry8b.o(.ARM.Collect$$$$0000000A) for _main_cpp_init
    entry.o(.ARM.Collect$$$$00000000) refers (Special) to entry9a.o(.ARM.Collect$$$$0000000B) for _main_init
    entry.o(.ARM.Collect$$$$00000000) refers (Special) to entry5.o(.ARM.Collect$$$$00000004) for _main_scatterload
    entry.o(.ARM.Collect$$$$00000000) refers (Special) to entry2.o(.ARM.Collect$$$$00000001) for _main_stk
    entry2.o(.ARM.Collect$$$$00000001) refers to entry2.o(.ARM.Collect$$$$00002712) for __lit__00000000
    entry2.o(.ARM.Collect$$$$00002712) refers to startup_da14531.o(STACK) for __initial_sp
    entry2.o(__vectab_stack_and_reset_area) refers to startup_da14531.o(STACK) for __initial_sp
    entry2.o(__vectab_stack_and_reset_area) refers to entry.o(.ARM.Collect$$$$00000000) for __main
    entry5.o(.ARM.Collect$$$$00000004) refers to init.o(.text) for __scatterload
    entry9a.o(.ARM.Collect$$$$0000000B) refers to arch_main.o(.text) for main
    entry9b.o(.ARM.Collect$$$$0000000C) refers to arch_main.o(.text) for main
    init.o(.text) refers to entry5.o(.ARM.Collect$$$$00000004) for __main_after_scatterload

